// Jest Snapshot v1, https://goo.gl/fbAQLP

exports[`<Menu /> renders component 1`] = `
<Fragment>
  <div
    className="title"
  >
    Some title
  </div>
  <ContextConsumer>
    <Component />
  </ContextConsumer>
  <ul>
    <li>
      <Link
        to="/user/list"
      >
        Users
      </Link>
    </li>
    <li>
      <Link
        to="/user/48342/edit"
      >
        Edit some user
      </Link>
    </li>
    <li>
      <Link
        to="/product/list"
      >
        Products
      </Link>
    </li>
  </ul>
</Fragment>
`;
